
Mac.fritz.box	Fri May  8 10:59:47 2026
	ib_util init failed, UDFs can't be used - looks like firebird misconfigured
	/Library/Frameworks/Firebird.framework/Versions/A/Libraries/libib_util library has not been found
	/Users/andreastontsch/code/import-tool/firebird/lib/libib_util library has not been found
	/Users/andreastontsch/code/import-tool/firebird/lib/libib_util library has not been found
	libib_util library has not been found


Mac.fritz.box	Fri May  8 10:59:59 2026
	ib_util init failed, UDFs can't be used - looks like firebird misconfigured
	/Library/Frameworks/Firebird.framework/Versions/A/Libraries/libib_util library has not been found
	/Users/andreastontsch/code/import-tool/firebird/lib/libib_util library has not been found
	/Users/andreastontsch/code/import-tool/firebird/lib/libib_util library has not been found
	libib_util library has not been found


Mac.fritz.box	Fri May  8 11:00:00 2026
	Shutting down the server with 1 active connection(s) to 1 database(s), 0 active service(s)


Mac.fritz.box	Fri May  8 11:00:13 2026
	ib_util init failed, UDFs can't be used - looks like firebird misconfigured
	/Library/Frameworks/Firebird.framework/Versions/A/Libraries/libib_util library has not been found
	/Users/andreastontsch/code/import-tool/firebird/lib/libib_util library has not been found
	/Users/andreastontsch/code/import-tool/firebird/lib/libib_util library has not been found
	libib_util library has not been found


Mac.fritz.box	Fri May  8 11:00:13 2026
	Shutting down the server with 1 active connection(s) to 1 database(s), 0 active service(s)


Mac.fritz.box	Fri May  8 11:00:59 2026
	ib_util init failed, UDFs can't be used - looks like firebird misconfigured
	/Library/Frameworks/Firebird.framework/Versions/A/Libraries/libib_util library has not been found
	/Users/andreastontsch/code/import-tool/firebird/lib/libib_util library has not been found
	/Users/andreastontsch/code/import-tool/firebird/lib/libib_util library has not been found
	libib_util library has not been found


Mac.fritz.box	Fri May  8 11:01:47 2026
	ib_util init failed, UDFs can't be used - looks like firebird misconfigured
	/Library/Frameworks/Firebird.framework/Versions/A/Libraries/libib_util library has not been found
	/Users/andreastontsch/code/import-tool/firebird/lib/libib_util library has not been found
	/Users/andreastontsch/code/import-tool/firebird/lib/libib_util library has not been found
	libib_util library has not been found


Mac.fritz.box	Fri May  8 11:01:50 2026
	ib_util init failed, UDFs can't be used - looks like firebird misconfigured
	/Library/Frameworks/Firebird.framework/Versions/A/Libraries/libib_util library has not been found
	/Users/andreastontsch/code/import-tool/firebird/lib/libib_util library has not been found
	/Users/andreastontsch/code/import-tool/firebird/lib/libib_util library has not been found
	libib_util library has not been found


Mac.fritz.box	Fri May  8 11:01:50 2026
	ib_util init failed, UDFs can't be used - looks like firebird misconfigured
	/Library/Frameworks/Firebird.framework/Versions/A/Libraries/libib_util library has not been found
	/Users/andreastontsch/code/import-tool/firebird/lib/libib_util library has not been found
	/Users/andreastontsch/code/import-tool/firebird/lib/libib_util library has not been found
	libib_util library has not been found


Mac.fritz.box	Fri May  8 11:05:08 2026
	ib_util init failed, UDFs can't be used - looks like firebird misconfigured
	/Library/Frameworks/Firebird.framework/Versions/A/Libraries/libib_util library has not been found
	/Users/andreastontsch/code/import-tool/firebird/lib/libib_util library has not been found
	/Users/andreastontsch/code/import-tool/firebird/lib/libib_util library has not been found
	libib_util library has not been found


Mac.fritz.box	Fri May  8 11:05:10 2026
	ib_util init failed, UDFs can't be used - looks like firebird misconfigured
	/Library/Frameworks/Firebird.framework/Versions/A/Libraries/libib_util library has not been found
	/Users/andreastontsch/code/import-tool/firebird/lib/libib_util library has not been found
	/Users/andreastontsch/code/import-tool/firebird/lib/libib_util library has not been found
	libib_util library has not been found


Mac.fritz.box	Fri May  8 11:27:42 2026
	ib_util init failed, UDFs can't be used - looks like firebird misconfigured
	/Library/Frameworks/Firebird.framework/Versions/A/Libraries/libib_util library has not been found
	import-tool/firebird/lib/libib_util library has not been found
	import-tool/firebird/lib/libib_util library has not been found
	libib_util library has not been found


Mac.fritz.box	Fri May  8 11:28:09 2026
	ib_util init failed, UDFs can't be used - looks like firebird misconfigured
	/Library/Frameworks/Firebird.framework/Versions/A/Libraries/libib_util library has not been found
	/Users/andreastontsch/code/import-tool/firebird/lib/libib_util library has not been found
	/Users/andreastontsch/code/import-tool/firebird/lib/libib_util library has not been found
	libib_util library has not been found


Mac.fritz.box	Fri May  8 11:28:11 2026
	ib_util init failed, UDFs can't be used - looks like firebird misconfigured
	/Library/Frameworks/Firebird.framework/Versions/A/Libraries/libib_util library has not been found
	/Users/andreastontsch/code/import-tool/firebird/lib/libib_util library has not been found
	/Users/andreastontsch/code/import-tool/firebird/lib/libib_util library has not been found
	libib_util library has not been found

